// Jest Snapshot v1, https://goo.gl/fbAQLP

exports[`ItemsList Component renders correctly 1`] = `
ShallowWrapper {
  "length": 1,
  Symbol(enzyme.__root__): [Circular],
  Symbol(enzyme.__unrendered__): <ItemsList
    items={
      Array [
        Object {
          "_id": "3h5i34uh53i4",
          "fnbrId": "6u69uj6kuj",
          "imageSrc": "https://example.com",
          "name": "Super Axe",
          "price": "2000",
          "rarity": "uncommon",
          "type": "axe",
        },
        Object {
          "_id": "56b7h8678b",
          "fnbrId": "4395ytj4f905",
          "imageSrc": "https://example.pl",
          "name": "Something",
          "price": "800",
          "rarity": "rare",
          "type": "boots",
        },
      ]
    }
  />,
  Symbol(enzyme.__renderer__): Object {
    "batchedUpdates": [Function],
    "getNode": [Function],
    "render": [Function],
    "simulateEvent": [Function],
    "unmount": [Function],
  },
  Symbol(enzyme.__node__): Object {
    "instance": null,
    "key": undefined,
    "nodeType": "host",
    "props": Object {
      "children": <div
        className="container-fluid"
      >
        <div
          className="row no-gutter"
        >
          <Connect(ItemSearchCard)
            fnbrId="6u69uj6kuj"
            imageSrc="https://example.com"
            name="Super Axe"
            price="2000"
            rarity="uncommon"
            type="axe"
          />
          <Connect(ItemSearchCard)
            fnbrId="4395ytj4f905"
            imageSrc="https://example.pl"
            name="Something"
            price="800"
            rarity="rare"
            type="boots"
          />
        </div>
      </div>,
      "className": "col-12 col-sm-12 col-md-11 col-lg-10 col-xl-8",
    },
    "ref": null,
    "rendered": Object {
      "instance": null,
      "key": undefined,
      "nodeType": "host",
      "props": Object {
        "children": <div
          className="row no-gutter"
        >
          <Connect(ItemSearchCard)
            fnbrId="6u69uj6kuj"
            imageSrc="https://example.com"
            name="Super Axe"
            price="2000"
            rarity="uncommon"
            type="axe"
          />
          <Connect(ItemSearchCard)
            fnbrId="4395ytj4f905"
            imageSrc="https://example.pl"
            name="Something"
            price="800"
            rarity="rare"
            type="boots"
          />
        </div>,
        "className": "container-fluid",
      },
      "ref": null,
      "rendered": Object {
        "instance": null,
        "key": undefined,
        "nodeType": "host",
        "props": Object {
          "children": Array [
            <Connect(ItemSearchCard)
              fnbrId="6u69uj6kuj"
              imageSrc="https://example.com"
              name="Super Axe"
              price="2000"
              rarity="uncommon"
              type="axe"
            />,
            <Connect(ItemSearchCard)
              fnbrId="4395ytj4f905"
              imageSrc="https://example.pl"
              name="Something"
              price="800"
              rarity="rare"
              type="boots"
            />,
          ],
          "className": "row no-gutter",
        },
        "ref": null,
        "rendered": Array [
          Object {
            "instance": null,
            "key": "3h5i34uh53i4",
            "nodeType": "class",
            "props": Object {
              "fnbrId": "6u69uj6kuj",
              "imageSrc": "https://example.com",
              "name": "Super Axe",
              "price": "2000",
              "rarity": "uncommon",
              "type": "axe",
            },
            "ref": null,
            "rendered": null,
            "type": [Function],
          },
          Object {
            "instance": null,
            "key": "56b7h8678b",
            "nodeType": "class",
            "props": Object {
              "fnbrId": "4395ytj4f905",
              "imageSrc": "https://example.pl",
              "name": "Something",
              "price": "800",
              "rarity": "rare",
              "type": "boots",
            },
            "ref": null,
            "rendered": null,
            "type": [Function],
          },
        ],
        "type": "div",
      },
      "type": "div",
    },
    "type": "div",
  },
  Symbol(enzyme.__nodes__): Array [
    Object {
      "instance": null,
      "key": undefined,
      "nodeType": "host",
      "props": Object {
        "children": <div
          className="container-fluid"
        >
          <div
            className="row no-gutter"
          >
            <Connect(ItemSearchCard)
              fnbrId="6u69uj6kuj"
              imageSrc="https://example.com"
              name="Super Axe"
              price="2000"
              rarity="uncommon"
              type="axe"
            />
            <Connect(ItemSearchCard)
              fnbrId="4395ytj4f905"
              imageSrc="https://example.pl"
              name="Something"
              price="800"
              rarity="rare"
              type="boots"
            />
          </div>
        </div>,
        "className": "col-12 col-sm-12 col-md-11 col-lg-10 col-xl-8",
      },
      "ref": null,
      "rendered": Object {
        "instance": null,
        "key": undefined,
        "nodeType": "host",
        "props": Object {
          "children": <div
            className="row no-gutter"
          >
            <Connect(ItemSearchCard)
              fnbrId="6u69uj6kuj"
              imageSrc="https://example.com"
              name="Super Axe"
              price="2000"
              rarity="uncommon"
              type="axe"
            />
            <Connect(ItemSearchCard)
              fnbrId="4395ytj4f905"
              imageSrc="https://example.pl"
              name="Something"
              price="800"
              rarity="rare"
              type="boots"
            />
          </div>,
          "className": "container-fluid",
        },
        "ref": null,
        "rendered": Object {
          "instance": null,
          "key": undefined,
          "nodeType": "host",
          "props": Object {
            "children": Array [
              <Connect(ItemSearchCard)
                fnbrId="6u69uj6kuj"
                imageSrc="https://example.com"
                name="Super Axe"
                price="2000"
                rarity="uncommon"
                type="axe"
              />,
              <Connect(ItemSearchCard)
                fnbrId="4395ytj4f905"
                imageSrc="https://example.pl"
                name="Something"
                price="800"
                rarity="rare"
                type="boots"
              />,
            ],
            "className": "row no-gutter",
          },
          "ref": null,
          "rendered": Array [
            Object {
              "instance": null,
              "key": "3h5i34uh53i4",
              "nodeType": "class",
              "props": Object {
                "fnbrId": "6u69uj6kuj",
                "imageSrc": "https://example.com",
                "name": "Super Axe",
                "price": "2000",
                "rarity": "uncommon",
                "type": "axe",
              },
              "ref": null,
              "rendered": null,
              "type": [Function],
            },
            Object {
              "instance": null,
              "key": "56b7h8678b",
              "nodeType": "class",
              "props": Object {
                "fnbrId": "4395ytj4f905",
                "imageSrc": "https://example.pl",
                "name": "Something",
                "price": "800",
                "rarity": "rare",
                "type": "boots",
              },
              "ref": null,
              "rendered": null,
              "type": [Function],
            },
          ],
          "type": "div",
        },
        "type": "div",
      },
      "type": "div",
    },
  ],
  Symbol(enzyme.__options__): Object {
    "adapter": ReactSixteenAdapter {
      "options": Object {
        "enableComponentDidUpdateOnSetState": true,
      },
    },
  },
}
`;
