// Jest Snapshot v1, https://goo.gl/fbAQLP

exports[`NameSearchBar Component renders correctly 1`] = `
ShallowWrapper {
  "length": 1,
  Symbol(enzyme.__root__): [Circular],
  Symbol(enzyme.__unrendered__): <NameSearchBar
    maxNameFilterLength={26}
    minNameFilterLength={3}
    name=""
    onChange={[Function]}
    setNameFilter={[Function]}
  />,
  Symbol(enzyme.__renderer__): Object {
    "batchedUpdates": [Function],
    "getNode": [Function],
    "render": [Function],
    "simulateEvent": [Function],
    "unmount": [Function],
  },
  Symbol(enzyme.__node__): Object {
    "instance": null,
    "key": undefined,
    "nodeType": "host",
    "props": Object {
      "children": <div
        className="name-search-bar"
      >
        <input
          className="name-search-bar--input"
          maxLength={26}
          onChange={[Function]}
          placeholder="Search by name"
        />
      </div>,
      "className": "col-12 col-sm-12 col-md-10 col-lg-9 col-xl-8",
    },
    "ref": null,
    "rendered": Object {
      "instance": null,
      "key": undefined,
      "nodeType": "host",
      "props": Object {
        "children": <input
          className="name-search-bar--input"
          maxLength={26}
          onChange={[Function]}
          placeholder="Search by name"
        />,
        "className": "name-search-bar",
      },
      "ref": null,
      "rendered": Object {
        "instance": null,
        "key": undefined,
        "nodeType": "host",
        "props": Object {
          "className": "name-search-bar--input",
          "maxLength": 26,
          "onChange": [Function],
          "placeholder": "Search by name",
        },
        "ref": null,
        "rendered": null,
        "type": "input",
      },
      "type": "div",
    },
    "type": "div",
  },
  Symbol(enzyme.__nodes__): Array [
    Object {
      "instance": null,
      "key": undefined,
      "nodeType": "host",
      "props": Object {
        "children": <div
          className="name-search-bar"
        >
          <input
            className="name-search-bar--input"
            maxLength={26}
            onChange={[Function]}
            placeholder="Search by name"
          />
        </div>,
        "className": "col-12 col-sm-12 col-md-10 col-lg-9 col-xl-8",
      },
      "ref": null,
      "rendered": Object {
        "instance": null,
        "key": undefined,
        "nodeType": "host",
        "props": Object {
          "children": <input
            className="name-search-bar--input"
            maxLength={26}
            onChange={[Function]}
            placeholder="Search by name"
          />,
          "className": "name-search-bar",
        },
        "ref": null,
        "rendered": Object {
          "instance": null,
          "key": undefined,
          "nodeType": "host",
          "props": Object {
            "className": "name-search-bar--input",
            "maxLength": 26,
            "onChange": [Function],
            "placeholder": "Search by name",
          },
          "ref": null,
          "rendered": null,
          "type": "input",
        },
        "type": "div",
      },
      "type": "div",
    },
  ],
  Symbol(enzyme.__options__): Object {
    "adapter": ReactSixteenAdapter {
      "options": Object {
        "enableComponentDidUpdateOnSetState": true,
      },
    },
  },
}
`;
