// Jest Snapshot v1, https://goo.gl/fbAQLP

exports[`Pagination Component renders correctly 1`] = `
ShallowWrapper {
  "length": 1,
  Symbol(enzyme.__root__): [Circular],
  Symbol(enzyme.__unrendered__): <Pagination
    nextPageAvailable={true}
    onChange={[Function]}
    page={1}
    setPageFilter={[Function]}
  />,
  Symbol(enzyme.__renderer__): Object {
    "batchedUpdates": [Function],
    "getNode": [Function],
    "render": [Function],
    "simulateEvent": [Function],
    "unmount": [Function],
  },
  Symbol(enzyme.__node__): Object {
    "instance": null,
    "key": undefined,
    "nodeType": "host",
    "props": Object {
      "children": <div
        className="pagination"
      >
        <button
          className="pagination--button pagination--button--previous"
          disabled={true}
          onClick={[Function]}
        >
          Previous
        </button>
        <button
          className="pagination--button pagination--button--next"
          disabled={false}
          onClick={[Function]}
        >
          Next
        </button>
      </div>,
      "className": "col-12 col-sm-10 col-md-8 col-lg-6 col-xl-4",
    },
    "ref": null,
    "rendered": Object {
      "instance": null,
      "key": undefined,
      "nodeType": "host",
      "props": Object {
        "children": Array [
          <button
            className="pagination--button pagination--button--previous"
            disabled={true}
            onClick={[Function]}
          >
            Previous
          </button>,
          <button
            className="pagination--button pagination--button--next"
            disabled={false}
            onClick={[Function]}
          >
            Next
          </button>,
        ],
        "className": "pagination",
      },
      "ref": null,
      "rendered": Array [
        Object {
          "instance": null,
          "key": undefined,
          "nodeType": "host",
          "props": Object {
            "children": "Previous",
            "className": "pagination--button pagination--button--previous",
            "disabled": true,
            "onClick": [Function],
          },
          "ref": null,
          "rendered": "Previous",
          "type": "button",
        },
        Object {
          "instance": null,
          "key": undefined,
          "nodeType": "host",
          "props": Object {
            "children": "Next",
            "className": "pagination--button pagination--button--next",
            "disabled": false,
            "onClick": [Function],
          },
          "ref": null,
          "rendered": "Next",
          "type": "button",
        },
      ],
      "type": "div",
    },
    "type": "div",
  },
  Symbol(enzyme.__nodes__): Array [
    Object {
      "instance": null,
      "key": undefined,
      "nodeType": "host",
      "props": Object {
        "children": <div
          className="pagination"
        >
          <button
            className="pagination--button pagination--button--previous"
            disabled={true}
            onClick={[Function]}
          >
            Previous
          </button>
          <button
            className="pagination--button pagination--button--next"
            disabled={false}
            onClick={[Function]}
          >
            Next
          </button>
        </div>,
        "className": "col-12 col-sm-10 col-md-8 col-lg-6 col-xl-4",
      },
      "ref": null,
      "rendered": Object {
        "instance": null,
        "key": undefined,
        "nodeType": "host",
        "props": Object {
          "children": Array [
            <button
              className="pagination--button pagination--button--previous"
              disabled={true}
              onClick={[Function]}
            >
              Previous
            </button>,
            <button
              className="pagination--button pagination--button--next"
              disabled={false}
              onClick={[Function]}
            >
              Next
            </button>,
          ],
          "className": "pagination",
        },
        "ref": null,
        "rendered": Array [
          Object {
            "instance": null,
            "key": undefined,
            "nodeType": "host",
            "props": Object {
              "children": "Previous",
              "className": "pagination--button pagination--button--previous",
              "disabled": true,
              "onClick": [Function],
            },
            "ref": null,
            "rendered": "Previous",
            "type": "button",
          },
          Object {
            "instance": null,
            "key": undefined,
            "nodeType": "host",
            "props": Object {
              "children": "Next",
              "className": "pagination--button pagination--button--next",
              "disabled": false,
              "onClick": [Function],
            },
            "ref": null,
            "rendered": "Next",
            "type": "button",
          },
        ],
        "type": "div",
      },
      "type": "div",
    },
  ],
  Symbol(enzyme.__options__): Object {
    "adapter": ReactSixteenAdapter {
      "options": Object {
        "enableComponentDidUpdateOnSetState": true,
      },
    },
  },
}
`;
