// Jest Snapshot v1, https://goo.gl/fbAQLP

exports[`SendOrderButton Component renders correctly 1`] = `
ShallowWrapper {
  "length": 1,
  Symbol(enzyme.__root__): [Circular],
  Symbol(enzyme.__unrendered__): <SendOrderButton
    closeOrderList={[Function]}
    maxItemsInOrder={3}
    orderedItems={
      Array [
        Object {
          "_id": "45y5tnr5",
          "name": "Something",
        },
        Object {
          "_id": "56ug657i",
          "name": "Axe",
        },
      ]
    }
    sendOrder={[Function]}
  />,
  Symbol(enzyme.__renderer__): Object {
    "batchedUpdates": [Function],
    "getNode": [Function],
    "render": [Function],
    "simulateEvent": [Function],
    "unmount": [Function],
  },
  Symbol(enzyme.__node__): Object {
    "instance": null,
    "key": undefined,
    "nodeType": "host",
    "props": Object {
      "children": <button
        className="send-order-button"
        disabled={false}
        onClick={[Function]}
      >
        Send order
      </button>,
      "className": "col-9",
    },
    "ref": null,
    "rendered": Object {
      "instance": null,
      "key": undefined,
      "nodeType": "host",
      "props": Object {
        "children": "Send order",
        "className": "send-order-button",
        "disabled": false,
        "onClick": [Function],
      },
      "ref": null,
      "rendered": "Send order",
      "type": "button",
    },
    "type": "div",
  },
  Symbol(enzyme.__nodes__): Array [
    Object {
      "instance": null,
      "key": undefined,
      "nodeType": "host",
      "props": Object {
        "children": <button
          className="send-order-button"
          disabled={false}
          onClick={[Function]}
        >
          Send order
        </button>,
        "className": "col-9",
      },
      "ref": null,
      "rendered": Object {
        "instance": null,
        "key": undefined,
        "nodeType": "host",
        "props": Object {
          "children": "Send order",
          "className": "send-order-button",
          "disabled": false,
          "onClick": [Function],
        },
        "ref": null,
        "rendered": "Send order",
        "type": "button",
      },
      "type": "div",
    },
  ],
  Symbol(enzyme.__options__): Object {
    "adapter": ReactSixteenAdapter {
      "options": Object {
        "enableComponentDidUpdateOnSetState": true,
      },
    },
  },
}
`;
