// Jest Snapshot v1, https://goo.gl/fbAQLP

exports[`ConfirmOrderButton Component renders correctly 1`] = `
ShallowWrapper {
  "length": 1,
  Symbol(enzyme.__root__): [Circular],
  Symbol(enzyme.__unrendered__): <ConfirmOrderButton
    maxItemsInOrder={3}
    orderedItems={
      Array [
        "item1",
      ]
    }
  />,
  Symbol(enzyme.__renderer__): Object {
    "batchedUpdates": [Function],
    "getNode": [Function],
    "render": [Function],
    "simulateEvent": [Function],
    "unmount": [Function],
  },
  Symbol(enzyme.__node__): Object {
    "instance": null,
    "key": undefined,
    "nodeType": "host",
    "props": Object {
      "children": "Send order",
      "className": "confirm-order-button",
      "disabled": false,
      "onClick": [Function],
    },
    "ref": null,
    "rendered": "Send order",
    "type": "button",
  },
  Symbol(enzyme.__nodes__): Array [
    Object {
      "instance": null,
      "key": undefined,
      "nodeType": "host",
      "props": Object {
        "children": "Send order",
        "className": "confirm-order-button",
        "disabled": false,
        "onClick": [Function],
      },
      "ref": null,
      "rendered": "Send order",
      "type": "button",
    },
  ],
  Symbol(enzyme.__options__): Object {
    "adapter": ReactSixteenAdapter {
      "options": Object {
        "enableComponentDidUpdateOnSetState": true,
      },
    },
  },
}
`;
