// Jest Snapshot v1, https://goo.gl/fbAQLP

exports[`Order Component renders correctly 1`] = `
ShallowWrapper {
  "length": 1,
  Symbol(enzyme.__root__): [Circular],
  Symbol(enzyme.__unrendered__): <OrderInfo />,
  Symbol(enzyme.__renderer__): Object {
    "batchedUpdates": [Function],
    "getNode": [Function],
    "render": [Function],
    "simulateEvent": [Function],
    "unmount": [Function],
  },
  Symbol(enzyme.__node__): Object {
    "instance": null,
    "key": undefined,
    "nodeType": "host",
    "props": Object {
      "children": Array [
        <BlackCurtain />,
        <div
          className="order-info order-info--hidden"
        >
          <div
            className="container-fluid"
          >
            <div
              className="row order-info--button-box"
            >
              <div
                className="col-8"
              >
                <Connect(HideOrderButton) />
              </div>
            </div>
            <div
              className="row order-info--list"
            >
              <div
                className="col-12"
              >
                <Connect(OrderList) />
              </div>
            </div>
          </div>
          <div
            className="order-info--confirmation-box"
          />
        </div>,
      ],
    },
    "ref": null,
    "rendered": Array [
      Object {
        "instance": null,
        "key": undefined,
        "nodeType": "class",
        "props": Object {
          "onClick": undefined,
          "show": undefined,
        },
        "ref": null,
        "rendered": null,
        "type": [Function],
      },
      Object {
        "instance": null,
        "key": undefined,
        "nodeType": "host",
        "props": Object {
          "children": Array [
            <div
              className="container-fluid"
            >
              <div
                className="row order-info--button-box"
              >
                <div
                  className="col-8"
                >
                  <Connect(HideOrderButton) />
                </div>
              </div>
              <div
                className="row order-info--list"
              >
                <div
                  className="col-12"
                >
                  <Connect(OrderList) />
                </div>
              </div>
            </div>,
            <div
              className="order-info--confirmation-box"
            />,
          ],
          "className": "order-info order-info--hidden",
        },
        "ref": null,
        "rendered": Array [
          Object {
            "instance": null,
            "key": undefined,
            "nodeType": "host",
            "props": Object {
              "children": Array [
                <div
                  className="row order-info--button-box"
                >
                  <div
                    className="col-8"
                  >
                    <Connect(HideOrderButton) />
                  </div>
                </div>,
                <div
                  className="row order-info--list"
                >
                  <div
                    className="col-12"
                  >
                    <Connect(OrderList) />
                  </div>
                </div>,
              ],
              "className": "container-fluid",
            },
            "ref": null,
            "rendered": Array [
              Object {
                "instance": null,
                "key": undefined,
                "nodeType": "host",
                "props": Object {
                  "children": <div
                    className="col-8"
                  >
                    <Connect(HideOrderButton) />
                  </div>,
                  "className": "row order-info--button-box",
                },
                "ref": null,
                "rendered": Object {
                  "instance": null,
                  "key": undefined,
                  "nodeType": "host",
                  "props": Object {
                    "children": <Connect(HideOrderButton) />,
                    "className": "col-8",
                  },
                  "ref": null,
                  "rendered": Object {
                    "instance": null,
                    "key": undefined,
                    "nodeType": "class",
                    "props": Object {},
                    "ref": null,
                    "rendered": null,
                    "type": [Function],
                  },
                  "type": "div",
                },
                "type": "div",
              },
              Object {
                "instance": null,
                "key": undefined,
                "nodeType": "host",
                "props": Object {
                  "children": <div
                    className="col-12"
                  >
                    <Connect(OrderList) />
                  </div>,
                  "className": "row order-info--list",
                },
                "ref": null,
                "rendered": Object {
                  "instance": null,
                  "key": undefined,
                  "nodeType": "host",
                  "props": Object {
                    "children": <Connect(OrderList) />,
                    "className": "col-12",
                  },
                  "ref": null,
                  "rendered": Object {
                    "instance": null,
                    "key": undefined,
                    "nodeType": "class",
                    "props": Object {},
                    "ref": null,
                    "rendered": null,
                    "type": [Function],
                  },
                  "type": "div",
                },
                "type": "div",
              },
            ],
            "type": "div",
          },
          Object {
            "instance": null,
            "key": undefined,
            "nodeType": "host",
            "props": Object {
              "className": "order-info--confirmation-box",
            },
            "ref": null,
            "rendered": null,
            "type": "div",
          },
        ],
        "type": "div",
      },
    ],
    "type": "div",
  },
  Symbol(enzyme.__nodes__): Array [
    Object {
      "instance": null,
      "key": undefined,
      "nodeType": "host",
      "props": Object {
        "children": Array [
          <BlackCurtain />,
          <div
            className="order-info order-info--hidden"
          >
            <div
              className="container-fluid"
            >
              <div
                className="row order-info--button-box"
              >
                <div
                  className="col-8"
                >
                  <Connect(HideOrderButton) />
                </div>
              </div>
              <div
                className="row order-info--list"
              >
                <div
                  className="col-12"
                >
                  <Connect(OrderList) />
                </div>
              </div>
            </div>
            <div
              className="order-info--confirmation-box"
            />
          </div>,
        ],
      },
      "ref": null,
      "rendered": Array [
        Object {
          "instance": null,
          "key": undefined,
          "nodeType": "class",
          "props": Object {
            "onClick": undefined,
            "show": undefined,
          },
          "ref": null,
          "rendered": null,
          "type": [Function],
        },
        Object {
          "instance": null,
          "key": undefined,
          "nodeType": "host",
          "props": Object {
            "children": Array [
              <div
                className="container-fluid"
              >
                <div
                  className="row order-info--button-box"
                >
                  <div
                    className="col-8"
                  >
                    <Connect(HideOrderButton) />
                  </div>
                </div>
                <div
                  className="row order-info--list"
                >
                  <div
                    className="col-12"
                  >
                    <Connect(OrderList) />
                  </div>
                </div>
              </div>,
              <div
                className="order-info--confirmation-box"
              />,
            ],
            "className": "order-info order-info--hidden",
          },
          "ref": null,
          "rendered": Array [
            Object {
              "instance": null,
              "key": undefined,
              "nodeType": "host",
              "props": Object {
                "children": Array [
                  <div
                    className="row order-info--button-box"
                  >
                    <div
                      className="col-8"
                    >
                      <Connect(HideOrderButton) />
                    </div>
                  </div>,
                  <div
                    className="row order-info--list"
                  >
                    <div
                      className="col-12"
                    >
                      <Connect(OrderList) />
                    </div>
                  </div>,
                ],
                "className": "container-fluid",
              },
              "ref": null,
              "rendered": Array [
                Object {
                  "instance": null,
                  "key": undefined,
                  "nodeType": "host",
                  "props": Object {
                    "children": <div
                      className="col-8"
                    >
                      <Connect(HideOrderButton) />
                    </div>,
                    "className": "row order-info--button-box",
                  },
                  "ref": null,
                  "rendered": Object {
                    "instance": null,
                    "key": undefined,
                    "nodeType": "host",
                    "props": Object {
                      "children": <Connect(HideOrderButton) />,
                      "className": "col-8",
                    },
                    "ref": null,
                    "rendered": Object {
                      "instance": null,
                      "key": undefined,
                      "nodeType": "class",
                      "props": Object {},
                      "ref": null,
                      "rendered": null,
                      "type": [Function],
                    },
                    "type": "div",
                  },
                  "type": "div",
                },
                Object {
                  "instance": null,
                  "key": undefined,
                  "nodeType": "host",
                  "props": Object {
                    "children": <div
                      className="col-12"
                    >
                      <Connect(OrderList) />
                    </div>,
                    "className": "row order-info--list",
                  },
                  "ref": null,
                  "rendered": Object {
                    "instance": null,
                    "key": undefined,
                    "nodeType": "host",
                    "props": Object {
                      "children": <Connect(OrderList) />,
                      "className": "col-12",
                    },
                    "ref": null,
                    "rendered": Object {
                      "instance": null,
                      "key": undefined,
                      "nodeType": "class",
                      "props": Object {},
                      "ref": null,
                      "rendered": null,
                      "type": [Function],
                    },
                    "type": "div",
                  },
                  "type": "div",
                },
              ],
              "type": "div",
            },
            Object {
              "instance": null,
              "key": undefined,
              "nodeType": "host",
              "props": Object {
                "className": "order-info--confirmation-box",
              },
              "ref": null,
              "rendered": null,
              "type": "div",
            },
          ],
          "type": "div",
        },
      ],
      "type": "div",
    },
  ],
  Symbol(enzyme.__options__): Object {
    "adapter": ReactSixteenAdapter {
      "options": Object {
        "enableComponentDidUpdateOnSetState": true,
      },
    },
  },
}
`;
