// Jest Snapshot v1, https://goo.gl/fbAQLP

exports[`CircleOrderCount Component renders correctly 1`] = `
ShallowWrapper {
  "length": 1,
  Symbol(enzyme.__root__): [Circular],
  Symbol(enzyme.__unrendered__): <ItemOrderCard
    imageSrc="example.com"
    index={0}
    name="Trooper"
    rarity="uncommon"
    removeItemFromOrderByIndex={[Function]}
  />,
  Symbol(enzyme.__renderer__): Object {
    "batchedUpdates": [Function],
    "getNode": [Function],
    "render": [Function],
    "simulateEvent": [Function],
    "unmount": [Function],
  },
  Symbol(enzyme.__node__): Object {
    "instance": null,
    "key": undefined,
    "nodeType": "host",
    "props": Object {
      "children": Array [
        <ItemCoin
          imageSrc="example.com"
          name="Trooper"
          rarity="uncommon"
        />,
        <div
          className="item-order-card--action-box"
        >
          <div
            className="material-icons action-box--sign"
          >
            <span>
              clear
            </span>
          </div>
        </div>,
      ],
      "className": "item-order-card",
      "onClick": [Function],
    },
    "ref": null,
    "rendered": Array [
      Object {
        "instance": null,
        "key": undefined,
        "nodeType": "class",
        "props": Object {
          "imageSrc": "example.com",
          "name": "Trooper",
          "rarity": "uncommon",
        },
        "ref": null,
        "rendered": null,
        "type": [Function],
      },
      Object {
        "instance": null,
        "key": undefined,
        "nodeType": "host",
        "props": Object {
          "children": <div
            className="material-icons action-box--sign"
          >
            <span>
              clear
            </span>
          </div>,
          "className": "item-order-card--action-box",
        },
        "ref": null,
        "rendered": Object {
          "instance": null,
          "key": undefined,
          "nodeType": "host",
          "props": Object {
            "children": <span>
              clear
            </span>,
            "className": "material-icons action-box--sign",
          },
          "ref": null,
          "rendered": Object {
            "instance": null,
            "key": undefined,
            "nodeType": "host",
            "props": Object {
              "children": "clear",
            },
            "ref": null,
            "rendered": "clear",
            "type": "span",
          },
          "type": "div",
        },
        "type": "div",
      },
    ],
    "type": "button",
  },
  Symbol(enzyme.__nodes__): Array [
    Object {
      "instance": null,
      "key": undefined,
      "nodeType": "host",
      "props": Object {
        "children": Array [
          <ItemCoin
            imageSrc="example.com"
            name="Trooper"
            rarity="uncommon"
          />,
          <div
            className="item-order-card--action-box"
          >
            <div
              className="material-icons action-box--sign"
            >
              <span>
                clear
              </span>
            </div>
          </div>,
        ],
        "className": "item-order-card",
        "onClick": [Function],
      },
      "ref": null,
      "rendered": Array [
        Object {
          "instance": null,
          "key": undefined,
          "nodeType": "class",
          "props": Object {
            "imageSrc": "example.com",
            "name": "Trooper",
            "rarity": "uncommon",
          },
          "ref": null,
          "rendered": null,
          "type": [Function],
        },
        Object {
          "instance": null,
          "key": undefined,
          "nodeType": "host",
          "props": Object {
            "children": <div
              className="material-icons action-box--sign"
            >
              <span>
                clear
              </span>
            </div>,
            "className": "item-order-card--action-box",
          },
          "ref": null,
          "rendered": Object {
            "instance": null,
            "key": undefined,
            "nodeType": "host",
            "props": Object {
              "children": <span>
                clear
              </span>,
              "className": "material-icons action-box--sign",
            },
            "ref": null,
            "rendered": Object {
              "instance": null,
              "key": undefined,
              "nodeType": "host",
              "props": Object {
                "children": "clear",
              },
              "ref": null,
              "rendered": "clear",
              "type": "span",
            },
            "type": "div",
          },
          "type": "div",
        },
      ],
      "type": "button",
    },
  ],
  Symbol(enzyme.__options__): Object {
    "adapter": ReactSixteenAdapter {
      "options": Object {
        "enableComponentDidUpdateOnSetState": true,
      },
    },
  },
}
`;
