// Jest Snapshot v1, https://goo.gl/fbAQLP

exports[`OrderInfo Component renders correctly 1`] = `
ShallowWrapper {
  "length": 1,
  Symbol(enzyme.__root__): [Circular],
  Symbol(enzyme.__unrendered__): <OrderInfo
    closeOrderList={[Function]}
    items={
      Array [
        "item2",
      ]
    }
    listOpened={true}
  />,
  Symbol(enzyme.__renderer__): Object {
    "batchedUpdates": [Function],
    "getNode": [Function],
    "render": [Function],
    "simulateEvent": [Function],
    "unmount": [Function],
  },
  Symbol(enzyme.__node__): Object {
    "instance": null,
    "key": undefined,
    "nodeType": "host",
    "props": Object {
      "children": Array [
        <BlackCurtain
          onClick={[Function]}
          show={true}
        />,
        <div
          className="order-info false"
        >
          <div
            className="container-fluid order-info--components"
          >
            <div
              className="row components--button-box"
            >
              <CancelButton
                onClick={[Function]}
              />
            </div>
            <div
              className="row components--list"
            >
              <Connect(OrderList) />
            </div>
            <div
              className="row components--confirmation-box"
            >
              <Connect(FullOrderCount) />
              <Connect(SendOrderButton) />
            </div>
          </div>
        </div>,
      ],
    },
    "ref": null,
    "rendered": Array [
      Object {
        "instance": null,
        "key": undefined,
        "nodeType": "class",
        "props": Object {
          "onClick": [Function],
          "show": true,
        },
        "ref": null,
        "rendered": null,
        "type": [Function],
      },
      Object {
        "instance": null,
        "key": undefined,
        "nodeType": "host",
        "props": Object {
          "children": <div
            className="container-fluid order-info--components"
          >
            <div
              className="row components--button-box"
            >
              <CancelButton
                onClick={[Function]}
              />
            </div>
            <div
              className="row components--list"
            >
              <Connect(OrderList) />
            </div>
            <div
              className="row components--confirmation-box"
            >
              <Connect(FullOrderCount) />
              <Connect(SendOrderButton) />
            </div>
          </div>,
          "className": "order-info false",
        },
        "ref": null,
        "rendered": Object {
          "instance": null,
          "key": undefined,
          "nodeType": "host",
          "props": Object {
            "children": Array [
              <div
                className="row components--button-box"
              >
                <CancelButton
                  onClick={[Function]}
                />
              </div>,
              <div
                className="row components--list"
              >
                <Connect(OrderList) />
              </div>,
              <div
                className="row components--confirmation-box"
              >
                <Connect(FullOrderCount) />
                <Connect(SendOrderButton) />
              </div>,
            ],
            "className": "container-fluid order-info--components",
          },
          "ref": null,
          "rendered": Array [
            Object {
              "instance": null,
              "key": undefined,
              "nodeType": "host",
              "props": Object {
                "children": <CancelButton
                  onClick={[Function]}
                />,
                "className": "row components--button-box",
              },
              "ref": null,
              "rendered": Object {
                "instance": null,
                "key": undefined,
                "nodeType": "class",
                "props": Object {
                  "onClick": [Function],
                },
                "ref": null,
                "rendered": null,
                "type": [Function],
              },
              "type": "div",
            },
            Object {
              "instance": null,
              "key": undefined,
              "nodeType": "host",
              "props": Object {
                "children": <Connect(OrderList) />,
                "className": "row components--list",
              },
              "ref": null,
              "rendered": Object {
                "instance": null,
                "key": undefined,
                "nodeType": "class",
                "props": Object {},
                "ref": null,
                "rendered": null,
                "type": [Function],
              },
              "type": "div",
            },
            Object {
              "instance": null,
              "key": undefined,
              "nodeType": "host",
              "props": Object {
                "children": Array [
                  <Connect(FullOrderCount) />,
                  <Connect(SendOrderButton) />,
                ],
                "className": "row components--confirmation-box",
              },
              "ref": null,
              "rendered": Array [
                Object {
                  "instance": null,
                  "key": undefined,
                  "nodeType": "class",
                  "props": Object {},
                  "ref": null,
                  "rendered": null,
                  "type": [Function],
                },
                Object {
                  "instance": null,
                  "key": undefined,
                  "nodeType": "class",
                  "props": Object {},
                  "ref": null,
                  "rendered": null,
                  "type": [Function],
                },
              ],
              "type": "div",
            },
          ],
          "type": "div",
        },
        "type": "div",
      },
    ],
    "type": "div",
  },
  Symbol(enzyme.__nodes__): Array [
    Object {
      "instance": null,
      "key": undefined,
      "nodeType": "host",
      "props": Object {
        "children": Array [
          <BlackCurtain
            onClick={[Function]}
            show={true}
          />,
          <div
            className="order-info false"
          >
            <div
              className="container-fluid order-info--components"
            >
              <div
                className="row components--button-box"
              >
                <CancelButton
                  onClick={[Function]}
                />
              </div>
              <div
                className="row components--list"
              >
                <Connect(OrderList) />
              </div>
              <div
                className="row components--confirmation-box"
              >
                <Connect(FullOrderCount) />
                <Connect(SendOrderButton) />
              </div>
            </div>
          </div>,
        ],
      },
      "ref": null,
      "rendered": Array [
        Object {
          "instance": null,
          "key": undefined,
          "nodeType": "class",
          "props": Object {
            "onClick": [Function],
            "show": true,
          },
          "ref": null,
          "rendered": null,
          "type": [Function],
        },
        Object {
          "instance": null,
          "key": undefined,
          "nodeType": "host",
          "props": Object {
            "children": <div
              className="container-fluid order-info--components"
            >
              <div
                className="row components--button-box"
              >
                <CancelButton
                  onClick={[Function]}
                />
              </div>
              <div
                className="row components--list"
              >
                <Connect(OrderList) />
              </div>
              <div
                className="row components--confirmation-box"
              >
                <Connect(FullOrderCount) />
                <Connect(SendOrderButton) />
              </div>
            </div>,
            "className": "order-info false",
          },
          "ref": null,
          "rendered": Object {
            "instance": null,
            "key": undefined,
            "nodeType": "host",
            "props": Object {
              "children": Array [
                <div
                  className="row components--button-box"
                >
                  <CancelButton
                    onClick={[Function]}
                  />
                </div>,
                <div
                  className="row components--list"
                >
                  <Connect(OrderList) />
                </div>,
                <div
                  className="row components--confirmation-box"
                >
                  <Connect(FullOrderCount) />
                  <Connect(SendOrderButton) />
                </div>,
              ],
              "className": "container-fluid order-info--components",
            },
            "ref": null,
            "rendered": Array [
              Object {
                "instance": null,
                "key": undefined,
                "nodeType": "host",
                "props": Object {
                  "children": <CancelButton
                    onClick={[Function]}
                  />,
                  "className": "row components--button-box",
                },
                "ref": null,
                "rendered": Object {
                  "instance": null,
                  "key": undefined,
                  "nodeType": "class",
                  "props": Object {
                    "onClick": [Function],
                  },
                  "ref": null,
                  "rendered": null,
                  "type": [Function],
                },
                "type": "div",
              },
              Object {
                "instance": null,
                "key": undefined,
                "nodeType": "host",
                "props": Object {
                  "children": <Connect(OrderList) />,
                  "className": "row components--list",
                },
                "ref": null,
                "rendered": Object {
                  "instance": null,
                  "key": undefined,
                  "nodeType": "class",
                  "props": Object {},
                  "ref": null,
                  "rendered": null,
                  "type": [Function],
                },
                "type": "div",
              },
              Object {
                "instance": null,
                "key": undefined,
                "nodeType": "host",
                "props": Object {
                  "children": Array [
                    <Connect(FullOrderCount) />,
                    <Connect(SendOrderButton) />,
                  ],
                  "className": "row components--confirmation-box",
                },
                "ref": null,
                "rendered": Array [
                  Object {
                    "instance": null,
                    "key": undefined,
                    "nodeType": "class",
                    "props": Object {},
                    "ref": null,
                    "rendered": null,
                    "type": [Function],
                  },
                  Object {
                    "instance": null,
                    "key": undefined,
                    "nodeType": "class",
                    "props": Object {},
                    "ref": null,
                    "rendered": null,
                    "type": [Function],
                  },
                ],
                "type": "div",
              },
            ],
            "type": "div",
          },
          "type": "div",
        },
      ],
      "type": "div",
    },
  ],
  Symbol(enzyme.__options__): Object {
    "adapter": ReactSixteenAdapter {
      "options": Object {
        "enableComponentDidUpdateOnSetState": true,
      },
    },
  },
}
`;
