// Jest Snapshot v1, https://goo.gl/fbAQLP

exports[`Header Component renders correctly 1`] = `
ShallowWrapper {
  "length": 1,
  Symbol(enzyme.__root__): [Circular],
  Symbol(enzyme.__unrendered__): <Header />,
  Symbol(enzyme.__renderer__): Object {
    "batchedUpdates": [Function],
    "getNode": [Function],
    "render": [Function],
    "simulateEvent": [Function],
    "unmount": [Function],
  },
  Symbol(enzyme.__node__): Object {
    "instance": null,
    "key": undefined,
    "nodeType": "host",
    "props": Object {
      "children": <div
        className="header"
      >
        <div
          className="header--site-info"
        >
          <img
            className="site-info--logo"
            src="../images/logo.svg"
          />
          <h1
            className="site-info--text"
          >
            <span
              className="site-info--text--bold"
            >
              Hello. 
            </span>
            Welcome to StoreSpy.
            <br />
            Messenger shop notifier.
          </h1>
        </div>
        <Connect(MessengerLink)
          reversed={true}
        />
      </div>,
    },
    "ref": null,
    "rendered": Object {
      "instance": null,
      "key": undefined,
      "nodeType": "host",
      "props": Object {
        "children": Array [
          <div
            className="header--site-info"
          >
            <img
              className="site-info--logo"
              src="../images/logo.svg"
            />
            <h1
              className="site-info--text"
            >
              <span
                className="site-info--text--bold"
              >
                Hello. 
              </span>
              Welcome to StoreSpy.
              <br />
              Messenger shop notifier.
            </h1>
          </div>,
          <Connect(MessengerLink)
            reversed={true}
          />,
        ],
        "className": "header",
      },
      "ref": null,
      "rendered": Array [
        Object {
          "instance": null,
          "key": undefined,
          "nodeType": "host",
          "props": Object {
            "children": Array [
              <img
                className="site-info--logo"
                src="../images/logo.svg"
              />,
              <h1
                className="site-info--text"
              >
                <span
                  className="site-info--text--bold"
                >
                  Hello. 
                </span>
                Welcome to StoreSpy.
                <br />
                Messenger shop notifier.
              </h1>,
            ],
            "className": "header--site-info",
          },
          "ref": null,
          "rendered": Array [
            Object {
              "instance": null,
              "key": undefined,
              "nodeType": "host",
              "props": Object {
                "className": "site-info--logo",
                "src": "../images/logo.svg",
              },
              "ref": null,
              "rendered": null,
              "type": "img",
            },
            Object {
              "instance": null,
              "key": undefined,
              "nodeType": "host",
              "props": Object {
                "children": Array [
                  <span
                    className="site-info--text--bold"
                  >
                    Hello. 
                  </span>,
                  "Welcome to StoreSpy.",
                  <br />,
                  "Messenger shop notifier.",
                ],
                "className": "site-info--text",
              },
              "ref": null,
              "rendered": Array [
                Object {
                  "instance": null,
                  "key": undefined,
                  "nodeType": "host",
                  "props": Object {
                    "children": "Hello. ",
                    "className": "site-info--text--bold",
                  },
                  "ref": null,
                  "rendered": "Hello. ",
                  "type": "span",
                },
                "Welcome to StoreSpy.",
                Object {
                  "instance": null,
                  "key": undefined,
                  "nodeType": "host",
                  "props": Object {},
                  "ref": null,
                  "rendered": null,
                  "type": "br",
                },
                "Messenger shop notifier.",
              ],
              "type": "h1",
            },
          ],
          "type": "div",
        },
        Object {
          "instance": null,
          "key": undefined,
          "nodeType": "class",
          "props": Object {
            "reversed": true,
          },
          "ref": null,
          "rendered": null,
          "type": [Function],
        },
      ],
      "type": "div",
    },
    "type": "header",
  },
  Symbol(enzyme.__nodes__): Array [
    Object {
      "instance": null,
      "key": undefined,
      "nodeType": "host",
      "props": Object {
        "children": <div
          className="header"
        >
          <div
            className="header--site-info"
          >
            <img
              className="site-info--logo"
              src="../images/logo.svg"
            />
            <h1
              className="site-info--text"
            >
              <span
                className="site-info--text--bold"
              >
                Hello. 
              </span>
              Welcome to StoreSpy.
              <br />
              Messenger shop notifier.
            </h1>
          </div>
          <Connect(MessengerLink)
            reversed={true}
          />
        </div>,
      },
      "ref": null,
      "rendered": Object {
        "instance": null,
        "key": undefined,
        "nodeType": "host",
        "props": Object {
          "children": Array [
            <div
              className="header--site-info"
            >
              <img
                className="site-info--logo"
                src="../images/logo.svg"
              />
              <h1
                className="site-info--text"
              >
                <span
                  className="site-info--text--bold"
                >
                  Hello. 
                </span>
                Welcome to StoreSpy.
                <br />
                Messenger shop notifier.
              </h1>
            </div>,
            <Connect(MessengerLink)
              reversed={true}
            />,
          ],
          "className": "header",
        },
        "ref": null,
        "rendered": Array [
          Object {
            "instance": null,
            "key": undefined,
            "nodeType": "host",
            "props": Object {
              "children": Array [
                <img
                  className="site-info--logo"
                  src="../images/logo.svg"
                />,
                <h1
                  className="site-info--text"
                >
                  <span
                    className="site-info--text--bold"
                  >
                    Hello. 
                  </span>
                  Welcome to StoreSpy.
                  <br />
                  Messenger shop notifier.
                </h1>,
              ],
              "className": "header--site-info",
            },
            "ref": null,
            "rendered": Array [
              Object {
                "instance": null,
                "key": undefined,
                "nodeType": "host",
                "props": Object {
                  "className": "site-info--logo",
                  "src": "../images/logo.svg",
                },
                "ref": null,
                "rendered": null,
                "type": "img",
              },
              Object {
                "instance": null,
                "key": undefined,
                "nodeType": "host",
                "props": Object {
                  "children": Array [
                    <span
                      className="site-info--text--bold"
                    >
                      Hello. 
                    </span>,
                    "Welcome to StoreSpy.",
                    <br />,
                    "Messenger shop notifier.",
                  ],
                  "className": "site-info--text",
                },
                "ref": null,
                "rendered": Array [
                  Object {
                    "instance": null,
                    "key": undefined,
                    "nodeType": "host",
                    "props": Object {
                      "children": "Hello. ",
                      "className": "site-info--text--bold",
                    },
                    "ref": null,
                    "rendered": "Hello. ",
                    "type": "span",
                  },
                  "Welcome to StoreSpy.",
                  Object {
                    "instance": null,
                    "key": undefined,
                    "nodeType": "host",
                    "props": Object {},
                    "ref": null,
                    "rendered": null,
                    "type": "br",
                  },
                  "Messenger shop notifier.",
                ],
                "type": "h1",
              },
            ],
            "type": "div",
          },
          Object {
            "instance": null,
            "key": undefined,
            "nodeType": "class",
            "props": Object {
              "reversed": true,
            },
            "ref": null,
            "rendered": null,
            "type": [Function],
          },
        ],
        "type": "div",
      },
      "type": "header",
    },
  ],
  Symbol(enzyme.__options__): Object {
    "adapter": ReactSixteenAdapter {
      "options": Object {
        "enableComponentDidUpdateOnSetState": true,
      },
    },
  },
}
`;
