// Jest Snapshot v1, https://goo.gl/fbAQLP

exports[`ItemSearchCard Component renders correctly 1`] = `
ShallowWrapper {
  "length": 1,
  Symbol(enzyme.__root__): [Circular],
  Symbol(enzyme.__unrendered__): <ItemSearchCard
    imageSrc="https://example.com"
    name="Super Axe"
    price="2000"
    rarity="uncommon"
    type="axe"
  />,
  Symbol(enzyme.__renderer__): Object {
    "batchedUpdates": [Function],
    "getNode": [Function],
    "render": [Function],
    "simulateEvent": [Function],
    "unmount": [Function],
  },
  Symbol(enzyme.__node__): Object {
    "instance": null,
    "key": undefined,
    "nodeType": "host",
    "props": Object {
      "children": Array [
        <div
          className="item-card--top-part"
        >
          <div
            className="top-part--img-box top-part--img-box--uncommon"
          >
            <img
              className="img-box--image"
              src="https://example.com"
            />
          </div>
        </div>,
        <div
          className="item-card--bot-part"
        >
          <div
            className="bot-part--name"
          >
            Super Axe
          </div>
          <div
            className="bot-part--description"
          >
            <div
              className="description--type"
            >
              axe
            </div>
            <div
              className="description--price"
            >
              2000
            </div>
          </div>
        </div>,
      ],
      "className": "item-card item-card--raised",
    },
    "ref": null,
    "rendered": Array [
      Object {
        "instance": null,
        "key": undefined,
        "nodeType": "host",
        "props": Object {
          "children": <div
            className="top-part--img-box top-part--img-box--uncommon"
          >
            <img
              className="img-box--image"
              src="https://example.com"
            />
          </div>,
          "className": "item-card--top-part",
        },
        "ref": null,
        "rendered": Object {
          "instance": null,
          "key": undefined,
          "nodeType": "host",
          "props": Object {
            "children": <img
              className="img-box--image"
              src="https://example.com"
            />,
            "className": "top-part--img-box top-part--img-box--uncommon",
          },
          "ref": null,
          "rendered": Object {
            "instance": null,
            "key": undefined,
            "nodeType": "host",
            "props": Object {
              "className": "img-box--image",
              "src": "https://example.com",
            },
            "ref": null,
            "rendered": null,
            "type": "img",
          },
          "type": "div",
        },
        "type": "div",
      },
      Object {
        "instance": null,
        "key": undefined,
        "nodeType": "host",
        "props": Object {
          "children": Array [
            <div
              className="bot-part--name"
            >
              Super Axe
            </div>,
            <div
              className="bot-part--description"
            >
              <div
                className="description--type"
              >
                axe
              </div>
              <div
                className="description--price"
              >
                2000
              </div>
            </div>,
          ],
          "className": "item-card--bot-part",
        },
        "ref": null,
        "rendered": Array [
          Object {
            "instance": null,
            "key": undefined,
            "nodeType": "host",
            "props": Object {
              "children": "Super Axe",
              "className": "bot-part--name",
            },
            "ref": null,
            "rendered": "Super Axe",
            "type": "div",
          },
          Object {
            "instance": null,
            "key": undefined,
            "nodeType": "host",
            "props": Object {
              "children": Array [
                <div
                  className="description--type"
                >
                  axe
                </div>,
                <div
                  className="description--price"
                >
                  2000
                </div>,
              ],
              "className": "bot-part--description",
            },
            "ref": null,
            "rendered": Array [
              Object {
                "instance": null,
                "key": undefined,
                "nodeType": "host",
                "props": Object {
                  "children": "axe",
                  "className": "description--type",
                },
                "ref": null,
                "rendered": "axe",
                "type": "div",
              },
              Object {
                "instance": null,
                "key": undefined,
                "nodeType": "host",
                "props": Object {
                  "children": "2000",
                  "className": "description--price",
                },
                "ref": null,
                "rendered": "2000",
                "type": "div",
              },
            ],
            "type": "div",
          },
        ],
        "type": "div",
      },
    ],
    "type": "div",
  },
  Symbol(enzyme.__nodes__): Array [
    Object {
      "instance": null,
      "key": undefined,
      "nodeType": "host",
      "props": Object {
        "children": Array [
          <div
            className="item-card--top-part"
          >
            <div
              className="top-part--img-box top-part--img-box--uncommon"
            >
              <img
                className="img-box--image"
                src="https://example.com"
              />
            </div>
          </div>,
          <div
            className="item-card--bot-part"
          >
            <div
              className="bot-part--name"
            >
              Super Axe
            </div>
            <div
              className="bot-part--description"
            >
              <div
                className="description--type"
              >
                axe
              </div>
              <div
                className="description--price"
              >
                2000
              </div>
            </div>
          </div>,
        ],
        "className": "item-card item-card--raised",
      },
      "ref": null,
      "rendered": Array [
        Object {
          "instance": null,
          "key": undefined,
          "nodeType": "host",
          "props": Object {
            "children": <div
              className="top-part--img-box top-part--img-box--uncommon"
            >
              <img
                className="img-box--image"
                src="https://example.com"
              />
            </div>,
            "className": "item-card--top-part",
          },
          "ref": null,
          "rendered": Object {
            "instance": null,
            "key": undefined,
            "nodeType": "host",
            "props": Object {
              "children": <img
                className="img-box--image"
                src="https://example.com"
              />,
              "className": "top-part--img-box top-part--img-box--uncommon",
            },
            "ref": null,
            "rendered": Object {
              "instance": null,
              "key": undefined,
              "nodeType": "host",
              "props": Object {
                "className": "img-box--image",
                "src": "https://example.com",
              },
              "ref": null,
              "rendered": null,
              "type": "img",
            },
            "type": "div",
          },
          "type": "div",
        },
        Object {
          "instance": null,
          "key": undefined,
          "nodeType": "host",
          "props": Object {
            "children": Array [
              <div
                className="bot-part--name"
              >
                Super Axe
              </div>,
              <div
                className="bot-part--description"
              >
                <div
                  className="description--type"
                >
                  axe
                </div>
                <div
                  className="description--price"
                >
                  2000
                </div>
              </div>,
            ],
            "className": "item-card--bot-part",
          },
          "ref": null,
          "rendered": Array [
            Object {
              "instance": null,
              "key": undefined,
              "nodeType": "host",
              "props": Object {
                "children": "Super Axe",
                "className": "bot-part--name",
              },
              "ref": null,
              "rendered": "Super Axe",
              "type": "div",
            },
            Object {
              "instance": null,
              "key": undefined,
              "nodeType": "host",
              "props": Object {
                "children": Array [
                  <div
                    className="description--type"
                  >
                    axe
                  </div>,
                  <div
                    className="description--price"
                  >
                    2000
                  </div>,
                ],
                "className": "bot-part--description",
              },
              "ref": null,
              "rendered": Array [
                Object {
                  "instance": null,
                  "key": undefined,
                  "nodeType": "host",
                  "props": Object {
                    "children": "axe",
                    "className": "description--type",
                  },
                  "ref": null,
                  "rendered": "axe",
                  "type": "div",
                },
                Object {
                  "instance": null,
                  "key": undefined,
                  "nodeType": "host",
                  "props": Object {
                    "children": "2000",
                    "className": "description--price",
                  },
                  "ref": null,
                  "rendered": "2000",
                  "type": "div",
                },
              ],
              "type": "div",
            },
          ],
          "type": "div",
        },
      ],
      "type": "div",
    },
  ],
  Symbol(enzyme.__options__): Object {
    "adapter": ReactSixteenAdapter {
      "options": Object {
        "enableComponentDidUpdateOnSetState": true,
      },
    },
  },
}
`;
