// Jest Snapshot v1, https://goo.gl/fbAQLP

exports[`ItemsList Component renders correctly 1`] = `
ShallowWrapper {
  "length": 1,
  Symbol(enzyme.__root__): [Circular],
  Symbol(enzyme.__unrendered__): <ItemsList
    items={
      Array [
        Object {
          "imageSrc": "https://example.com",
          "name": "Super Axe",
          "price": "2000",
          "rarity": "uncommon",
          "type": "axe",
        },
      ]
    }
  />,
  Symbol(enzyme.__renderer__): Object {
    "batchedUpdates": [Function],
    "getNode": [Function],
    "render": [Function],
    "simulateEvent": [Function],
    "unmount": [Function],
  },
  Symbol(enzyme.__node__): Object {
    "instance": null,
    "key": undefined,
    "nodeType": "host",
    "props": Object {
      "children": <div
        className="row no-gutter"
      >
        <div
          className="col-6 col-sm-6 col-md-4 col-lg-3 col-xl-3"
        >
          <ItemCard
            imageSrc="https://example.com"
            name="Super Axe"
            price="2000"
            rarity="uncommon"
            type="axe"
          />
        </div>
      </div>,
      "className": "container-fluid",
    },
    "ref": null,
    "rendered": Object {
      "instance": null,
      "key": undefined,
      "nodeType": "host",
      "props": Object {
        "children": Array [
          <div
            className="col-6 col-sm-6 col-md-4 col-lg-3 col-xl-3"
          >
            <ItemCard
              imageSrc="https://example.com"
              name="Super Axe"
              price="2000"
              rarity="uncommon"
              type="axe"
            />
          </div>,
        ],
        "className": "row no-gutter",
      },
      "ref": null,
      "rendered": Array [
        Object {
          "instance": null,
          "key": undefined,
          "nodeType": "host",
          "props": Object {
            "children": <ItemCard
              imageSrc="https://example.com"
              name="Super Axe"
              price="2000"
              rarity="uncommon"
              type="axe"
            />,
            "className": "col-6 col-sm-6 col-md-4 col-lg-3 col-xl-3",
          },
          "ref": null,
          "rendered": Object {
            "instance": null,
            "key": undefined,
            "nodeType": "class",
            "props": Object {
              "imageSrc": "https://example.com",
              "name": "Super Axe",
              "price": "2000",
              "rarity": "uncommon",
              "type": "axe",
            },
            "ref": null,
            "rendered": null,
            "type": [Function],
          },
          "type": "div",
        },
      ],
      "type": "div",
    },
    "type": "div",
  },
  Symbol(enzyme.__nodes__): Array [
    Object {
      "instance": null,
      "key": undefined,
      "nodeType": "host",
      "props": Object {
        "children": <div
          className="row no-gutter"
        >
          <div
            className="col-6 col-sm-6 col-md-4 col-lg-3 col-xl-3"
          >
            <ItemCard
              imageSrc="https://example.com"
              name="Super Axe"
              price="2000"
              rarity="uncommon"
              type="axe"
            />
          </div>
        </div>,
        "className": "container-fluid",
      },
      "ref": null,
      "rendered": Object {
        "instance": null,
        "key": undefined,
        "nodeType": "host",
        "props": Object {
          "children": Array [
            <div
              className="col-6 col-sm-6 col-md-4 col-lg-3 col-xl-3"
            >
              <ItemCard
                imageSrc="https://example.com"
                name="Super Axe"
                price="2000"
                rarity="uncommon"
                type="axe"
              />
            </div>,
          ],
          "className": "row no-gutter",
        },
        "ref": null,
        "rendered": Array [
          Object {
            "instance": null,
            "key": undefined,
            "nodeType": "host",
            "props": Object {
              "children": <ItemCard
                imageSrc="https://example.com"
                name="Super Axe"
                price="2000"
                rarity="uncommon"
                type="axe"
              />,
              "className": "col-6 col-sm-6 col-md-4 col-lg-3 col-xl-3",
            },
            "ref": null,
            "rendered": Object {
              "instance": null,
              "key": undefined,
              "nodeType": "class",
              "props": Object {
                "imageSrc": "https://example.com",
                "name": "Super Axe",
                "price": "2000",
                "rarity": "uncommon",
                "type": "axe",
              },
              "ref": null,
              "rendered": null,
              "type": [Function],
            },
            "type": "div",
          },
        ],
        "type": "div",
      },
      "type": "div",
    },
  ],
  Symbol(enzyme.__options__): Object {
    "adapter": ReactSixteenAdapter {
      "options": Object {
        "enableComponentDidUpdateOnSetState": true,
      },
    },
  },
}
`;
